0 verbose cli C:\Program Files\nodejs\node.exe C:\Program Files\nodejs\node_modules\npm\bin\npm-cli.js
1 info using npm@11.8.0
2 info using node@v24.13.1
3 silly config load:file:C:\Program Files\nodejs\node_modules\npm\npmrc
4 silly config load:file:C:\Users\Admin\Desktop\ECHO-PROTOCOL\EchoProtocol.Web\.npmrc
5 silly config load:file:C:\Users\Admin\.npmrc
6 silly config load:file:C:\Users\Admin\AppData\Roaming\npm\etc\npmrc
7 verbose title npm ci
8 verbose argv "ci" "--cache" ".npm-cache" "--prefer-online" "--no-audit" "--no-fund"
9 verbose logfile logs-max:10 dir:C:\Users\Admin\Desktop\ECHO-PROTOCOL\EchoProtocol.Web\.npm-cache\_logs\2026-09-23T09_49_52_647Z-
10 verbose logfile C:\Users\Admin\Desktop\ECHO-PROTOCOL\EchoProtocol.Web\.npm-cache\_logs\2026-09-23T09_49_52_647Z-debug-0.log
11 silly logfile done cleaning log files
12 silly packumentCache heap:4496293888 maxSize:1124073472 maxEntrySize:562036736
13 silly idealTree buildDeps
14 silly reify moves {}
15 http fetch GET 200 https://registry.npmjs.org/which/-/which-2.0.2.tgz 592ms (cache miss)
16 http fetch GET 200 https://registry.npmjs.org/yallist/-/yallist-3.1.1.tgz 600ms (cache miss)
17 http fetch GET 200 https://registry.npmjs.org/word-wrap/-/word-wrap-1.2.5.tgz 611ms (cache miss)
18 http fetch GET 200 https://registry.npmjs.org/yocto-queue/-/yocto-queue-0.1.0.tgz 615ms (cache miss)
19 http fetch GET 200 https://registry.npmjs.org/supports-color/-/supports-color-7.2.0.tgz 716ms (cache miss)
20 http fetch GET 200 https://registry.npmjs.org/strip-bom/-/strip-bom-3.0.0.tgz 721ms (cache miss)
21 http fetch GET 200 https://registry.npmjs.org/unrs-resolver/-/unrs-resolver-1.12.2.tgz 746ms (cache miss)
22 http fetch GET 200 https://registry.npmjs.org/strip-json-comments/-/strip-json-comments-3.1.1.tgz 748ms (cache miss)
23 http fetch GET 200 https://registry.npmjs.org/which-collection/-/which-collection-1.0.2.tgz 762ms (cache miss)
24 http fetch GET 200 https://registry.npmjs.org/stable-hash/-/stable-hash-0.0.5.tgz 760ms (cache miss)
25 http fetch GET 200 https://registry.npmjs.org/to-regex-range/-/to-regex-range-5.0.1.tgz 780ms (cache miss)
26 http fetch GET 200 https://registry.npmjs.org/update-browserslist-db/-/update-browserslist-db-1.3.3.tgz 784ms (cache miss)
27 http fetch GET 200 https://registry.npmjs.org/unbox-primitive/-/unbox-primitive-1.1.0.tgz 800ms (cache miss)
28 http fetch GET 200 https://registry.npmjs.org/which-builtin-type/-/which-builtin-type-1.2.1.tgz 810ms (cache miss)
29 http fetch GET 200 https://registry.npmjs.org/type-check/-/type-check-0.4.0.tgz 809ms (cache miss)
30 http fetch GET 200 https://registry.npmjs.org/typed-array-buffer/-/typed-array-buffer-1.0.3.tgz 820ms (cache miss)
31 http fetch GET 200 https://registry.npmjs.org/typed-array-byte-offset/-/typed-array-byte-offset-1.0.5.tgz 823ms (cache miss)
32 http fetch GET 200 https://registry.npmjs.org/typed-array-length/-/typed-array-length-1.0.8.tgz 826ms (cache miss)
33 http fetch GET 200 https://registry.npmjs.org/which-boxed-primitive/-/which-boxed-primitive-1.1.1.tgz 828ms (cache miss)
34 http fetch GET 200 https://registry.npmjs.org/typed-array-byte-length/-/typed-array-byte-length-1.0.3.tgz 833ms (cache miss)
35 http fetch GET 200 https://registry.npmjs.org/tinyglobby/-/tinyglobby-0.2.17.tgz 833ms (cache miss)
36 http fetch GET 200 https://registry.npmjs.org/supports-preserve-symlinks-flag/-/supports-preserve-symlinks-flag-1.0.0.tgz 856ms (cache miss)
37 http fetch GET 200 https://registry.npmjs.org/run-parallel/-/run-parallel-1.2.0.tgz 878ms (cache miss)
38 http fetch GET 200 https://registry.npmjs.org/which-typed-array/-/which-typed-array-1.1.24.tgz 892ms (cache miss)
39 http fetch GET 200 https://registry.npmjs.org/shebang-regex/-/shebang-regex-3.0.0.tgz 923ms (cache miss)
40 http fetch GET 200 https://registry.npmjs.org/stop-iteration-iterator/-/stop-iteration-iterator-1.1.0.tgz 927ms (cache miss)
41 http fetch GET 200 https://registry.npmjs.org/resolve-from/-/resolve-from-4.0.0.tgz 937ms (cache miss)
42 http fetch GET 200 https://registry.npmjs.org/set-function-name/-/set-function-name-2.0.2.tgz 973ms (cache miss)
43 http fetch GET 200 https://registry.npmjs.org/side-channel-map/-/side-channel-map-1.0.1.tgz 983ms (cache miss)
44 http fetch GET 200 https://registry.npmjs.org/string.prototype.repeat/-/string.prototype.repeat-1.0.0.tgz 1001ms (cache miss)
45 http fetch GET 200 https://registry.npmjs.org/side-channel-weakmap/-/side-channel-weakmap-1.0.2.tgz 1001ms (cache miss)
46 http fetch GET 200 https://registry.npmjs.org/punycode/-/punycode-2.3.1.tgz 1001ms (cache miss)
47 http fetch GET 200 https://registry.npmjs.org/side-channel/-/side-channel-1.1.1.tgz 1005ms (cache miss)
48 http fetch GET 200 https://registry.npmjs.org/safe-array-concat/-/safe-array-concat-1.1.4.tgz 1029ms (cache miss)
49 http fetch GET 200 https://registry.npmjs.org/semver/-/semver-6.3.1.tgz 1030ms (cache miss)
50 http fetch GET 200 https://registry.npmjs.org/resolve-pkg-maps/-/resolve-pkg-maps-1.0.0.tgz 1031ms (cache miss)
51 http fetch GET 200 https://registry.npmjs.org/ts-api-utils/-/ts-api-utils-2.5.0.tgz 1047ms (cache miss)
52 http fetch GET 200 https://registry.npmjs.org/safe-push-apply/-/safe-push-apply-1.0.0.tgz 1042ms (cache miss)
53 http fetch GET 200 https://registry.npmjs.org/typescript-eslint/-/typescript-eslint-8.70.1.tgz 1084ms (cache miss)
54 http fetch GET 200 https://registry.npmjs.org/tslib/-/tslib-2.8.1.tgz 1085ms (cache miss)
55 http fetch GET 200 https://registry.npmjs.org/path-key/-/path-key-3.1.1.tgz 1090ms (cache miss)
56 http fetch GET 200 https://registry.npmjs.org/string.prototype.trim/-/string.prototype.trim-1.2.11.tgz 1108ms (cache miss)
57 http fetch GET 200 https://registry.npmjs.org/safe-regex-test/-/safe-regex-test-1.1.0.tgz 1133ms (cache miss)
58 http fetch GET 200 https://registry.npmjs.org/path-parse/-/path-parse-1.0.7.tgz 1167ms (cache miss)
59 http fetch GET 200 https://registry.npmjs.org/react-is/-/react-is-16.13.1.tgz 1215ms (cache miss)
60 http fetch GET 200 https://registry.npmjs.org/string.prototype.trimstart/-/string.prototype.trimstart-1.0.8.tgz 1235ms (cache miss)
61 http fetch GET 200 https://registry.npmjs.org/shebang-command/-/shebang-command-2.0.0.tgz 1234ms (cache miss)
62 http fetch GET 200 https://registry.npmjs.org/string.prototype.trimend/-/string.prototype.trimend-1.0.10.tgz 1265ms (cache miss)
63 http fetch GET 200 https://registry.npmjs.org/path-exists/-/path-exists-4.0.0.tgz 1304ms (cache miss)
64 http fetch GET 200 https://registry.npmjs.org/parent-module/-/parent-module-1.0.1.tgz 1305ms (cache miss)
65 http fetch GET 200 https://registry.npmjs.org/p-locate/-/p-locate-5.0.0.tgz 1317ms (cache miss)
66 http fetch GET 200 https://registry.npmjs.org/queue-microtask/-/queue-microtask-1.2.3.tgz 1324ms (cache miss)
67 http fetch GET 200 https://registry.npmjs.org/p-limit/-/p-limit-3.1.0.tgz 1324ms (cache miss)
68 http fetch GET 200 https://registry.npmjs.org/zod-validation-error/-/zod-validation-error-4.0.2.tgz 1363ms (cache miss)
69 http fetch GET 200 https://registry.npmjs.org/possible-typed-array-names/-/possible-typed-array-names-1.1.0.tgz 1429ms (cache miss)
70 http fetch GET 200 https://registry.npmjs.org/reusify/-/reusify-1.1.0.tgz 1451ms (cache miss)
71 http fetch GET 200 https://registry.npmjs.org/picocolors/-/picocolors-1.1.1.tgz 1468ms (cache miss)
72 http fetch GET 200 https://registry.npmjs.org/set-proto/-/set-proto-1.0.0.tgz 1474ms (cache miss)
73 http fetch GET 200 https://registry.npmjs.org/node-releases/-/node-releases-2.0.56.tgz 1500ms (cache miss)
74 http fetch GET 200 https://registry.npmjs.org/prelude-ls/-/prelude-ls-1.2.1.tgz 1506ms (cache miss)
75 http fetch GET 200 https://registry.npmjs.org/scheduler/-/scheduler-0.27.0.tgz 1522ms (cache miss)
76 http fetch GET 200 https://registry.npmjs.org/ms/-/ms-2.1.3.tgz 1529ms (cache miss)
77 http fetch GET 200 https://registry.npmjs.org/prop-types/-/prop-types-15.8.1.tgz 1546ms (cache miss)
78 http fetch GET 200 https://registry.npmjs.org/string.prototype.matchall/-/string.prototype.matchall-4.1.0.tgz 1554ms (cache miss)
79 http fetch GET 200 https://registry.npmjs.org/natural-compare/-/natural-compare-1.4.0.tgz 1546ms (cache miss)
80 http fetch GET 200 https://registry.npmjs.org/object.fromentries/-/object.fromentries-2.0.8.tgz 1560ms (cache miss)
81 http fetch GET 200 https://registry.npmjs.org/merge2/-/merge2-1.4.1.tgz 1584ms (cache miss)
82 http fetch GET 200 https://registry.npmjs.org/locate-path/-/locate-path-6.0.0.tgz 1615ms (cache miss)
83 http fetch GET 200 https://registry.npmjs.org/loose-envify/-/loose-envify-1.4.0.tgz 1619ms (cache miss)
84 http fetch GET 200 https://registry.npmjs.org/micromatch/-/micromatch-4.0.8.tgz 1630ms (cache miss)
85 http fetch GET 200 https://registry.npmjs.org/minimatch/-/minimatch-3.1.5.tgz 1640ms (cache miss)
86 http fetch GET 200 https://registry.npmjs.org/lodash.merge/-/lodash.merge-4.6.2.tgz 1639ms (cache miss)
87 http fetch GET 200 https://registry.npmjs.org/language-tags/-/language-tags-1.0.9.tgz 1640ms (cache miss)
88 http fetch GET 200 https://registry.npmjs.org/optionator/-/optionator-0.9.4.tgz 1658ms (cache miss)
89 http fetch GET 200 https://registry.npmjs.org/lru-cache/-/lru-cache-5.1.1.tgz 1657ms (cache miss)
90 http fetch GET 200 https://registry.npmjs.org/object-keys/-/object-keys-1.1.1.tgz 1662ms (cache miss)
91 http fetch GET 200 https://registry.npmjs.org/object-assign/-/object-assign-4.1.1.tgz 1667ms (cache miss)
92 http fetch GET 200 https://registry.npmjs.org/string.prototype.includes/-/string.prototype.includes-2.0.1.tgz 1678ms (cache miss)
93 http fetch GET 200 https://registry.npmjs.org/keyv/-/keyv-4.5.4.tgz 1669ms (cache miss)
94 http fetch GET 200 https://registry.npmjs.org/tapable/-/tapable-2.3.3.tgz 1705ms (cache miss)
95 http fetch GET 200 https://registry.npmjs.org/own-keys/-/own-keys-1.0.2.tgz 1701ms (cache miss)
96 http fetch GET 200 https://registry.npmjs.org/set-function-length/-/set-function-length-1.2.2.tgz 1707ms (cache miss)
97 http fetch GET 200 https://registry.npmjs.org/json-buffer/-/json-buffer-3.0.1.tgz 1705ms (cache miss)
98 http fetch GET 200 https://registry.npmjs.org/levn/-/levn-0.4.1.tgz 1713ms (cache miss)
99 http fetch GET 200 https://registry.npmjs.org/side-channel-list/-/side-channel-list-1.0.1.tgz 1736ms (cache miss)
100 http fetch GET 200 https://registry.npmjs.org/json-schema-traverse/-/json-schema-traverse-0.4.1.tgz 1785ms (cache miss)
101 http fetch GET 200 https://registry.npmjs.org/isarray/-/isarray-2.0.5.tgz 1786ms (cache miss)
102 http fetch GET 200 https://registry.npmjs.org/is-typed-array/-/is-typed-array-1.1.15.tgz 1802ms (cache miss)
103 http fetch GET 200 https://registry.npmjs.org/picomatch/-/picomatch-2.3.2.tgz 1818ms (cache miss)
104 http fetch GET 200 https://registry.npmjs.org/reflect.getprototypeof/-/reflect.getprototypeof-1.0.10.tgz 1836ms (cache miss)
105 http fetch GET 200 https://registry.npmjs.org/object.groupby/-/object.groupby-1.0.3.tgz 1840ms (cache miss)
106 http fetch GET 200 https://registry.npmjs.org/object.values/-/object.values-1.2.1.tgz 1886ms (cache miss)
107 http fetch GET 200 https://registry.npmjs.org/regexp.prototype.flags/-/regexp.prototype.flags-1.5.4.tgz 1896ms (cache miss)
108 http fetch GET 200 https://registry.npmjs.org/iterator.prototype/-/iterator.prototype-1.1.5.tgz 1892ms (cache miss)
109 http fetch GET 200 https://registry.npmjs.org/undici-types/-/undici-types-6.21.0.tgz 1921ms (cache miss)
110 http fetch GET 200 https://registry.npmjs.org/isexe/-/isexe-2.0.0.tgz 1953ms (cache miss)
111 http fetch GET 200 https://registry.npmjs.org/is-weakref/-/is-weakref-1.1.1.tgz 1962ms (cache miss)
112 http fetch GET 200 https://registry.npmjs.org/source-map-js/-/source-map-js-1.2.1.tgz 1990ms (cache miss)
113 http fetch GET 200 https://registry.npmjs.org/is-shared-array-buffer/-/is-shared-array-buffer-1.0.4.tgz 1973ms (cache miss)
114 http fetch GET 200 https://registry.npmjs.org/styled-jsx/-/styled-jsx-5.1.6.tgz 2008ms (cache miss)
115 http fetch GET 200 https://registry.npmjs.org/is-set/-/is-set-2.0.3.tgz 2049ms (cache miss)
116 http fetch GET 200 https://registry.npmjs.org/object.entries/-/object.entries-1.1.9.tgz 2066ms (cache miss)
117 http fetch GET 200 https://registry.npmjs.org/magic-string/-/magic-string-0.30.21.tgz 2079ms (cache miss)
118 http fetch GET 200 https://registry.npmjs.org/is-finalizationregistry/-/is-finalizationregistry-1.1.1.tgz 2069ms (cache miss)
119 http fetch GET 200 https://registry.npmjs.org/is-glob/-/is-glob-4.0.3.tgz 2083ms (cache miss)
120 http fetch GET 200 https://registry.npmjs.org/json-stable-stringify-without-jsonify/-/json-stable-stringify-without-jsonify-1.0.1.tgz 2092ms (cache miss)
121 http fetch GET 200 https://registry.npmjs.org/js-tokens/-/js-tokens-4.0.0.tgz 2101ms (cache miss)
122 http fetch GET 200 https://registry.npmjs.org/is-weakmap/-/is-weakmap-2.0.2.tgz 2106ms (cache miss)
123 http fetch GET 200 https://registry.npmjs.org/is-number/-/is-number-7.0.0.tgz 2128ms (cache miss)
124 http fetch GET 200 https://registry.npmjs.org/is-negative-zero/-/is-negative-zero-2.0.3.tgz 2140ms (cache miss)
125 http fetch GET 200 https://registry.npmjs.org/is-document.all/-/is-document.all-1.0.0.tgz 2152ms (cache miss)
126 http fetch GET 200 https://registry.npmjs.org/is-extglob/-/is-extglob-2.1.1.tgz 2175ms (cache miss)
127 http fetch GET 200 https://registry.npmjs.org/jsesc/-/jsesc-3.1.0.tgz 2183ms (cache miss)
128 http fetch GET 200 https://registry.npmjs.org/is-string/-/is-string-1.1.1.tgz 2202ms (cache miss)
129 http fetch GET 200 https://registry.npmjs.org/is-boolean-object/-/is-boolean-object-1.2.2.tgz 2210ms (cache miss)
130 http fetch GET 200 https://registry.npmjs.org/is-array-buffer/-/is-array-buffer-3.0.5.tgz 2251ms (cache miss)
131 http fetch GET 200 https://registry.npmjs.org/is-bigint/-/is-bigint-1.1.0.tgz 2286ms (cache miss)
132 http fetch GET 200 https://registry.npmjs.org/is-symbol/-/is-symbol-1.1.1.tgz 2296ms (cache miss)
133 http fetch GET 200 https://registry.npmjs.org/imurmurhash/-/imurmurhash-0.1.4.tgz 2293ms (cache miss)
134 http fetch GET 200 https://registry.npmjs.org/import-fresh/-/import-fresh-3.3.1.tgz 2293ms (cache miss)
135 http fetch GET 200 https://registry.npmjs.org/lightningcss/-/lightningcss-1.32.0.tgz 2340ms (cache miss)
136 http fetch GET 200 https://registry.npmjs.org/is-bun-module/-/is-bun-module-2.0.0.tgz 2335ms (cache miss)
137 http fetch GET 200 https://registry.npmjs.org/is-core-module/-/is-core-module-2.17.0.tgz 2427ms (cache miss)
138 http fetch GET 200 https://registry.npmjs.org/object.assign/-/object.assign-4.1.7.tgz 2446ms (cache miss)
139 http fetch GET 200 https://registry.npmjs.org/has-proto/-/has-proto-1.2.0.tgz 2433ms (cache miss)
140 http fetch GET 200 https://registry.npmjs.org/graceful-fs/-/graceful-fs-4.2.11.tgz 2438ms (cache miss)
141 http fetch GET 200 https://registry.npmjs.org/ignore/-/ignore-5.3.2.tgz 2448ms (cache miss)
142 http fetch GET 200 https://registry.npmjs.org/nanoid/-/nanoid-3.3.19.tgz 2464ms (cache miss)
143 http fetch GET 200 https://registry.npmjs.org/is-map/-/is-map-2.0.3.tgz 2482ms (cache miss)
144 http fetch GET 200 https://registry.npmjs.org/has-property-descriptors/-/has-property-descriptors-1.0.2.tgz 2480ms (cache miss)
145 http fetch GET 200 https://registry.npmjs.org/minimist/-/minimist-1.2.8.tgz 2497ms (cache miss)
146 http fetch GET 200 https://registry.npmjs.org/has-flag/-/has-flag-4.0.0.tgz 2503ms (cache miss)
147 http fetch GET 200 https://registry.npmjs.org/get-intrinsic/-/get-intrinsic-1.3.0.tgz 2506ms (cache miss)
148 http fetch GET 200 https://registry.npmjs.org/is-callable/-/is-callable-1.2.7.tgz 2521ms (cache miss)
149 http fetch GET 200 https://registry.npmjs.org/glob-parent/-/glob-parent-6.0.2.tgz 2528ms (cache miss)
150 http fetch GET 200 https://registry.npmjs.org/is-weakset/-/is-weakset-2.0.4.tgz 2542ms (cache miss)
151 http fetch GET 200 https://registry.npmjs.org/is-data-view/-/is-data-view-1.0.2.tgz 2547ms (cache miss)
152 http fetch GET 200 https://registry.npmjs.org/gensync/-/gensync-1.0.0-beta.2.tgz 2564ms (cache miss)
153 http fetch GET 200 https://registry.npmjs.org/find-up/-/find-up-5.0.0.tgz 2566ms (cache miss)
154 http fetch GET 200 https://registry.npmjs.org/fast-levenshtein/-/fast-levenshtein-2.0.6.tgz 2583ms (cache miss)
155 http fetch GET 200 https://registry.npmjs.org/react/-/react-19.2.0.tgz 2624ms (cache miss)
156 http fetch GET 200 https://registry.npmjs.org/flatted/-/flatted-3.4.4.tgz 2612ms (cache miss)
157 http fetch GET 200 https://registry.npmjs.org/for-each/-/for-each-0.3.5.tgz 2613ms (cache miss)
158 http fetch GET 200 https://registry.npmjs.org/fill-range/-/fill-range-7.1.1.tgz 2632ms (cache miss)
159 http fetch GET 200 https://registry.npmjs.org/function-bind/-/function-bind-1.1.2.tgz 2636ms (cache miss)
160 http fetch GET 200 https://registry.npmjs.org/is-generator-function/-/is-generator-function-1.1.2.tgz 2647ms (cache miss)
161 http fetch GET 200 https://registry.npmjs.org/esutils/-/esutils-2.0.3.tgz 2640ms (cache miss)
162 http fetch GET 200 https://registry.npmjs.org/generator-function/-/generator-function-2.0.1.tgz 2643ms (cache miss)
163 http fetch GET 200 https://registry.npmjs.org/is-date-object/-/is-date-object-1.1.0.tgz 2655ms (cache miss)
164 http fetch GET 200 https://registry.npmjs.org/fast-deep-equal/-/fast-deep-equal-3.1.3.tgz 2653ms (cache miss)
165 http fetch GET 200 https://registry.npmjs.org/flat-cache/-/flat-cache-4.0.1.tgz 2657ms (cache miss)
166 http fetch GET 200 https://registry.npmjs.org/json5/-/json5-2.2.3.tgz 2673ms (cache miss)
167 http fetch GET 200 https://registry.npmjs.org/napi-postinstall/-/napi-postinstall-0.3.4.tgz 2717ms (cache miss)
168 http fetch GET 200 https://registry.npmjs.org/fast-json-stable-stringify/-/fast-json-stable-stringify-2.1.0.tgz 2700ms (cache miss)
169 http fetch GET 200 https://registry.npmjs.org/file-entry-cache/-/file-entry-cache-8.0.0.tgz 2715ms (cache miss)
170 http fetch GET 200 https://registry.npmjs.org/globals/-/globals-14.0.0.tgz 2796ms (cache miss)
171 http fetch GET 200 https://registry.npmjs.org/esrecurse/-/esrecurse-4.3.0.tgz 2807ms (cache miss)
172 http fetch GET 200 https://registry.npmjs.org/is-async-function/-/is-async-function-2.1.1.tgz 2826ms (cache miss)
173 http fetch GET 200 https://registry.npmjs.org/hasown/-/hasown-2.0.4.tgz 2855ms (cache miss)
174 http fetch GET 200 https://registry.npmjs.org/estraverse/-/estraverse-5.3.0.tgz 2855ms (cache miss)
175 http fetch GET 200 https://registry.npmjs.org/eslint-import-resolver-typescript/-/eslint-import-resolver-typescript-3.10.1.tgz 2873ms (cache miss)
176 http fetch GET 200 https://registry.npmjs.org/eslint-import-resolver-node/-/eslint-import-resolver-node-0.3.10.tgz 2873ms (cache miss)
177 http fetch GET 200 https://registry.npmjs.org/is-number-object/-/is-number-object-1.1.1.tgz 2916ms (cache miss)
178 http fetch GET 200 https://registry.npmjs.org/escape-string-regexp/-/escape-string-regexp-4.0.0.tgz 2908ms (cache miss)
179 http fetch GET 200 https://registry.npmjs.org/is-regex/-/is-regex-1.2.1.tgz 2993ms (cache miss)
180 http fetch GET 200 https://registry.npmjs.org/escalade/-/escalade-3.2.0.tgz 2995ms (cache miss)
181 http fetch GET 200 https://registry.npmjs.org/es-define-property/-/es-define-property-1.0.1.tgz 3044ms (cache miss)
182 http fetch GET 200 https://registry.npmjs.org/es-abstract-get/-/es-abstract-get-1.0.0.tgz 3044ms (cache miss)
183 http fetch GET 200 https://registry.npmjs.org/internal-slot/-/internal-slot-1.1.0.tgz 3060ms (cache miss)
184 http fetch GET 200 https://registry.npmjs.org/es-shim-unscopables/-/es-shim-unscopables-1.1.0.tgz 3055ms (cache miss)
185 http fetch GET 200 https://registry.npmjs.org/has-bigints/-/has-bigints-1.1.0.tgz 3081ms (cache miss)
186 http fetch GET 200 https://registry.npmjs.org/node-exports-info/-/node-exports-info-1.6.2.tgz 3151ms (cache miss)
187 http fetch GET 200 https://registry.npmjs.org/define-data-property/-/define-data-property-1.1.4.tgz 3139ms (cache miss)
188 http fetch GET 200 https://registry.npmjs.org/damerau-levenshtein/-/damerau-levenshtein-1.0.8.tgz 3157ms (cache miss)
189 http fetch GET 200 https://registry.npmjs.org/data-view-byte-offset/-/data-view-byte-offset-1.0.1.tgz 3158ms (cache miss)
190 http fetch GET 200 https://registry.npmjs.org/functions-have-names/-/functions-have-names-1.2.3.tgz 3172ms (cache miss)
191 http fetch GET 200 https://registry.npmjs.org/deep-is/-/deep-is-0.1.4.tgz 3189ms (cache miss)
192 http fetch GET 200 https://registry.npmjs.org/gopd/-/gopd-1.2.0.tgz 3204ms (cache miss)
193 http fetch GET 200 https://registry.npmjs.org/define-properties/-/define-properties-1.2.1.tgz 3223ms (cache miss)
194 http fetch GET 200 https://registry.npmjs.org/convert-source-map/-/convert-source-map-2.0.0.tgz 3247ms (cache miss)
195 http fetch GET 200 https://registry.npmjs.org/color-name/-/color-name-1.1.4.tgz 3249ms (cache miss)
196 http fetch GET 200 https://registry.npmjs.org/math-intrinsics/-/math-intrinsics-1.1.0.tgz 3323ms (cache miss)
197 http fetch GET 200 https://registry.npmjs.org/data-view-buffer/-/data-view-buffer-1.0.2.tgz 3297ms (cache miss)
198 http fetch GET 200 https://registry.npmjs.org/callsites/-/callsites-3.1.0.tgz 3298ms (cache miss)
199 http fetch GET 200 https://registry.npmjs.org/concat-map/-/concat-map-0.0.1.tgz 3324ms (cache miss)
200 http fetch GET 200 https://registry.npmjs.org/client-only/-/client-only-0.0.1.tgz 3325ms (cache miss)
201 http fetch GET 200 https://registry.npmjs.org/call-bind-apply-helpers/-/call-bind-apply-helpers-1.0.2.tgz 3359ms (cache miss)
202 http fetch GET 200 https://registry.npmjs.org/call-bound/-/call-bound-1.0.4.tgz 3361ms (cache miss)
203 http fetch GET 200 https://registry.npmjs.org/balanced-match/-/balanced-match-1.0.2.tgz 3361ms (cache miss)
204 http fetch GET 200 https://registry.npmjs.org/available-typed-arrays/-/available-typed-arrays-1.0.7.tgz 3398ms (cache miss)
205 http fetch GET 200 https://registry.npmjs.org/ast-types-flow/-/ast-types-flow-0.0.8.tgz 3400ms (cache miss)
206 http fetch GET 200 https://registry.npmjs.org/get-tsconfig/-/get-tsconfig-4.14.3.tgz 3464ms (cache miss)
207 http fetch GET 200 https://registry.npmjs.org/array.prototype.flatmap/-/array.prototype.flatmap-1.3.3.tgz 3455ms (cache miss)
208 http fetch GET 200 https://registry.npmjs.org/brace-expansion/-/brace-expansion-1.1.21.tgz 3498ms (cache miss)
209 http fetch GET 200 https://registry.npmjs.org/braces/-/braces-3.0.3.tgz 3499ms (cache miss)
210 http fetch GET 200 https://registry.npmjs.org/arraybuffer.prototype.slice/-/arraybuffer.prototype.slice-1.0.4.tgz 3498ms (cache miss)
211 http fetch GET 200 https://registry.npmjs.org/async-function/-/async-function-1.0.0.tgz 3499ms (cache miss)
212 http fetch GET 200 https://registry.npmjs.org/get-symbol-description/-/get-symbol-description-1.1.0.tgz 3525ms (cache miss)
213 http fetch GET 200 https://registry.npmjs.org/eslint-visitor-keys/-/eslint-visitor-keys-4.2.1.tgz 3582ms (cache miss)
214 http fetch GET 200 https://registry.npmjs.org/tailwindcss/-/tailwindcss-4.3.3.tgz 3639ms (cache miss)
215 http fetch GET 200 https://registry.npmjs.org/es-set-tostringtag/-/es-set-tostringtag-2.1.0.tgz 3608ms (cache miss)
216 http fetch GET 200 https://registry.npmjs.org/acorn-jsx/-/acorn-jsx-5.3.2.tgz 3600ms (cache miss)
217 http fetch GET 200 https://registry.npmjs.org/color-convert/-/color-convert-2.0.1.tgz 3647ms (cache miss)
218 http fetch GET 200 https://registry.npmjs.org/ansi-styles/-/ansi-styles-4.3.0.tgz 3642ms (cache miss)
219 http fetch GET 200 https://registry.npmjs.org/@typescript-eslint/visitor-keys/-/visitor-keys-8.70.1.tgz 3642ms (cache miss)
220 http fetch GET 200 https://registry.npmjs.org/get-proto/-/get-proto-1.0.1.tgz 3678ms (cache miss)
221 http fetch GET 200 https://registry.npmjs.org/@typescript-eslint/project-service/-/project-service-8.70.1.tgz 3662ms (cache miss)
222 http fetch GET 200 https://registry.npmjs.org/debug/-/debug-4.4.3.tgz 3714ms (cache miss)
223 http fetch GET 200 https://registry.npmjs.org/has-tostringtag/-/has-tostringtag-1.0.2.tgz 3728ms (cache miss)
224 http fetch GET 200 https://registry.npmjs.org/@typescript-eslint/tsconfig-utils/-/tsconfig-utils-8.70.1.tgz 3713ms (cache miss)
225 http fetch GET 200 https://registry.npmjs.org/@typescript-eslint/parser/-/parser-8.70.1.tgz 3715ms (cache miss)
226 http fetch GET 200 https://registry.npmjs.org/has-symbols/-/has-symbols-1.1.0.tgz 3759ms (cache miss)
227 http fetch GET 200 https://registry.npmjs.org/espree/-/espree-10.4.0.tgz 3787ms (cache miss)
228 http fetch GET 200 https://registry.npmjs.org/@types/react-dom/-/react-dom-19.3.0.tgz 3774ms (cache miss)
229 http fetch GET 200 https://registry.npmjs.org/@types/json5/-/json5-0.0.29.tgz 3775ms (cache miss)
230 http fetch GET 200 https://registry.npmjs.org/@types/json-schema/-/json-schema-7.0.15.tgz 3776ms (cache miss)
231 http fetch GET 200 https://registry.npmjs.org/object-inspect/-/object-inspect-1.13.4.tgz 3851ms (cache miss)
232 http fetch GET 200 https://registry.npmjs.org/detect-libc/-/detect-libc-2.1.2.tgz 3864ms (cache miss)
233 http fetch GET 200 https://registry.npmjs.org/@types/estree/-/estree-1.0.9.tgz 3859ms (cache miss)
234 http fetch GET 200 https://registry.npmjs.org/fastq/-/fastq-1.20.3.tgz 3905ms (cache miss)
235 http fetch GET 200 https://registry.npmjs.org/eslint-config-next/-/eslint-config-next-16.3.3.tgz 3903ms (cache miss)
236 http fetch GET 200 https://registry.npmjs.org/chalk/-/chalk-4.1.2.tgz 3906ms (cache miss)
237 http fetch GET 200 https://registry.npmjs.org/@nodelib/fs.walk/-/fs.walk-1.2.8.tgz 3904ms (cache miss)
238 http fetch GET 200 https://registry.npmjs.org/@tailwindcss/oxide/-/oxide-4.3.3.tgz 3921ms (cache miss)
239 http fetch GET 200 https://registry.npmjs.org/@rtsao/scc/-/scc-1.1.0.tgz 3932ms (cache miss)
240 http fetch GET 200 https://registry.npmjs.org/@next/env/-/env-16.3.3.tgz 3940ms (cache miss)
241 http fetch GET 200 https://registry.npmjs.org/@nodelib/fs.scandir/-/fs.scandir-2.1.5.tgz 3943ms (cache miss)
242 http fetch GET 200 https://registry.npmjs.org/@nolyfill/is-core-module/-/is-core-module-1.0.39.tgz 3949ms (cache miss)
243 http fetch GET 200 https://registry.npmjs.org/@jridgewell/remapping/-/remapping-2.3.5.tgz 3963ms (cache miss)
244 http fetch GET 200 https://registry.npmjs.org/@nodelib/fs.stat/-/fs.stat-2.0.5.tgz 3973ms (cache miss)
245 http fetch GET 200 https://registry.npmjs.org/data-view-byte-length/-/data-view-byte-length-1.0.2.tgz 3986ms (cache miss)
246 http fetch GET 200 https://registry.npmjs.org/doctrine/-/doctrine-2.1.0.tgz 3988ms (cache miss)
247 http fetch GET 200 https://registry.npmjs.org/@humanfs/core/-/core-0.19.2.tgz 3991ms (cache miss)
248 http fetch GET 200 https://registry.npmjs.org/globalthis/-/globalthis-1.0.4.tgz 4021ms (cache miss)
249 http fetch GET 200 https://registry.npmjs.org/@humanfs/types/-/types-0.15.0.tgz 4006ms (cache miss)
250 http fetch GET 200 https://registry.npmjs.org/@humanwhocodes/module-importer/-/module-importer-1.0.1.tgz 4039ms (cache miss)
251 http fetch GET 200 https://registry.npmjs.org/@eslint/js/-/js-9.39.5.tgz 4039ms (cache miss)
252 http fetch GET 200 https://registry.npmjs.org/cross-spawn/-/cross-spawn-7.0.6.tgz 4060ms (cache miss)
253 http fetch GET 200 https://registry.npmjs.org/argparse/-/argparse-2.0.1.tgz 4057ms (cache miss)
254 http fetch GET 200 https://registry.npmjs.org/@eslint/config-helpers/-/config-helpers-0.4.2.tgz 4052ms (cache miss)
255 http fetch GET 200 https://registry.npmjs.org/browserslist/-/browserslist-4.29.0.tgz 4125ms (cache miss)
256 http fetch GET 200 https://registry.npmjs.org/@img/colour/-/colour-1.1.0.tgz 4131ms (cache miss)
257 http fetch GET 200 https://registry.npmjs.org/es-object-atoms/-/es-object-atoms-1.1.2.tgz 4164ms (cache miss)
258 http fetch GET 200 https://registry.npmjs.org/array-buffer-byte-length/-/array-buffer-byte-length-1.0.2.tgz 4158ms (cache miss)
259 http fetch GET 200 https://registry.npmjs.org/call-bind/-/call-bind-1.0.9.tgz 4210ms (cache miss)
260 http fetch GET 200 https://registry.npmjs.org/electron-to-chromium/-/electron-to-chromium-1.5.434.tgz 4237ms (cache miss)
261 http fetch GET 200 https://registry.npmjs.org/@tailwindcss/postcss/-/postcss-4.3.3.tgz 4245ms (cache miss)
262 http fetch GET 200 https://registry.npmjs.org/baseline-browser-mapping/-/baseline-browser-mapping-2.11.25.tgz 4273ms (cache miss)
263 http fetch GET 200 https://registry.npmjs.org/@babel/helper-validator-option/-/helper-validator-option-7.29.7.tgz 4292ms (cache miss)
264 http fetch GET 200 https://registry.npmjs.org/dunder-proto/-/dunder-proto-1.0.1.tgz 4351ms (cache miss)
265 http fetch GET 200 https://registry.npmjs.org/@eslint/core/-/core-0.17.0.tgz 4508ms (cache miss)
266 http fetch GET 200 https://registry.npmjs.org/hermes-estree/-/hermes-estree-0.25.1.tgz 4546ms (cache miss)
267 http fetch GET 200 https://registry.npmjs.org/@babel/helper-validator-identifier/-/helper-validator-identifier-7.29.7.tgz 4569ms (cache miss)
268 http fetch GET 200 https://registry.npmjs.org/@babel/helper-string-parser/-/helper-string-parser-7.29.7.tgz 4668ms (cache miss)
269 http fetch GET 200 https://registry.npmjs.org/eslint-scope/-/eslint-scope-8.4.0.tgz 4701ms (cache miss)
270 http fetch GET 200 https://registry.npmjs.org/@jridgewell/resolve-uri/-/resolve-uri-3.1.2.tgz 4684ms (cache miss)
271 http fetch GET 200 https://registry.npmjs.org/emoji-regex/-/emoji-regex-9.2.2.tgz 4722ms (cache miss)
272 http fetch GET 200 https://registry.npmjs.org/@humanfs/node/-/node-0.16.8.tgz 4733ms (cache miss)
273 http fetch GET 200 https://registry.npmjs.org/@babel/helper-globals/-/helper-globals-7.29.7.tgz 4755ms (cache miss)
274 http fetch GET 200 https://registry.npmjs.org/@babel/helper-compilation-targets/-/helper-compilation-targets-7.29.7.tgz 4767ms (cache miss)
275 http fetch GET 200 https://registry.npmjs.org/@humanwhocodes/retry/-/retry-0.4.3.tgz 4828ms (cache miss)
276 http fetch GET 200 https://registry.npmjs.org/@babel/compat-data/-/compat-data-7.29.7.tgz 4873ms (cache miss)
277 http fetch GET 200 https://registry.npmjs.org/@alloc/quick-lru/-/quick-lru-5.3.0.tgz 4873ms (cache miss)
278 http fetch GET 200 https://registry.npmjs.org/array.prototype.tosorted/-/array.prototype.tosorted-1.1.4.tgz 4923ms (cache miss)
279 http fetch GET 200 https://registry.npmjs.org/array.prototype.findlastindex/-/array.prototype.findlastindex-1.2.6.tgz 4931ms (cache miss)
280 http fetch GET 200 https://registry.npmjs.org/es-to-primitive/-/es-to-primitive-1.3.4.tgz 4956ms (cache miss)
281 http fetch GET 200 https://registry.npmjs.org/language-subtag-registry/-/language-subtag-registry-0.3.23.tgz 4977ms (cache miss)
282 http fetch GET 200 https://registry.npmjs.org/array.prototype.flat/-/array.prototype.flat-1.3.3.tgz 4963ms (cache miss)
283 http fetch GET 200 https://registry.npmjs.org/es-errors/-/es-errors-1.3.0.tgz 4982ms (cache miss)
284 http fetch GET 200 https://registry.npmjs.org/function.prototype.name/-/function.prototype.name-1.2.0.tgz 4994ms (cache miss)
285 http fetch GET 200 https://registry.npmjs.org/@babel/helper-module-imports/-/helper-module-imports-7.29.7.tgz 4974ms (cache miss)
286 http fetch GET 200 https://registry.npmjs.org/array.prototype.findlast/-/array.prototype.findlast-1.2.5.tgz 4997ms (cache miss)
287 http fetch GET 200 https://registry.npmjs.org/fdir/-/fdir-6.5.0.tgz 4986ms (cache miss)
288 http fetch GET 200 https://registry.npmjs.org/@babel/code-frame/-/code-frame-7.29.7.tgz 4991ms (cache miss)
289 http fetch GET 200 https://registry.npmjs.org/glob-parent/-/glob-parent-5.1.2.tgz 5007ms (cache miss)
290 http fetch GET 200 https://registry.npmjs.org/@tailwindcss/node/-/node-4.3.3.tgz 5037ms (cache miss)
291 http fetch GET 200 https://registry.npmjs.org/eslint-visitor-keys/-/eslint-visitor-keys-5.0.1.tgz 5066ms (cache miss)
292 http fetch GET 200 https://registry.npmjs.org/balanced-match/-/balanced-match-4.0.4.tgz 5076ms (cache miss)
293 http fetch GET 200 https://registry.npmjs.org/eslint-visitor-keys/-/eslint-visitor-keys-3.4.3.tgz 5076ms (cache miss)
294 http fetch GET 200 https://registry.npmjs.org/brace-expansion/-/brace-expansion-5.0.12.tgz 5085ms (cache miss)
295 http fetch GET 200 https://registry.npmjs.org/@typescript-eslint/types/-/types-8.70.1.tgz 5109ms (cache miss)
296 http fetch GET 200 https://registry.npmjs.org/csstype/-/csstype-3.2.3.tgz 5133ms (cache miss)
297 http fetch GET 200 https://registry.npmjs.org/@eslint-community/regexpp/-/regexpp-4.12.2.tgz 5122ms (cache miss)
298 http fetch GET 200 https://registry.npmjs.org/@eslint/object-schema/-/object-schema-2.1.7.tgz 5123ms (cache miss)
299 http fetch GET 200 https://registry.npmjs.org/acorn/-/acorn-8.18.0.tgz 5146ms (cache miss)
300 http fetch GET 200 https://registry.npmjs.org/array-includes/-/array-includes-3.2.0.tgz 5152ms (cache miss)
301 http fetch GET 200 https://registry.npmjs.org/@eslint/plugin-kit/-/plugin-kit-0.4.1.tgz 5151ms (cache miss)
302 http fetch GET 200 https://registry.npmjs.org/ignore/-/ignore-7.0.9.tgz 5204ms (cache miss)
303 http fetch GET 200 https://registry.npmjs.org/@eslint-community/eslint-utils/-/eslint-utils-4.10.1.tgz 5225ms (cache miss)
304 http fetch GET 200 https://registry.npmjs.org/globals/-/globals-16.4.0.tgz 5286ms (cache miss)
305 http fetch GET 200 https://registry.npmjs.org/debug/-/debug-3.2.7.tgz 5309ms (cache miss)
306 http fetch GET 200 https://registry.npmjs.org/debug/-/debug-3.2.7.tgz 5311ms (cache miss)
307 http fetch GET 200 https://registry.npmjs.org/@napi-rs/wasm-runtime/-/wasm-runtime-1.2.4.tgz 5328ms (cache miss)
308 http fetch GET 200 https://registry.npmjs.org/debug/-/debug-3.2.7.tgz 5368ms (cache miss)
309 http fetch GET 200 https://registry.npmjs.org/esquery/-/esquery-1.7.0.tgz 5402ms (cache miss)
310 http fetch GET 200 https://registry.npmjs.org/@types/react/-/react-19.3.0.tgz 5389ms (cache miss)
311 http fetch GET 200 https://registry.npmjs.org/eslint-module-utils/-/eslint-module-utils-2.14.0.tgz 5459ms (cache miss)
312 http fetch GET 200 https://registry.npmjs.org/eslint-visitor-keys/-/eslint-visitor-keys-3.4.3.tgz 5440ms (cache miss)
313 http fetch GET 200 https://registry.npmjs.org/@emnapi/wasi-threads/-/wasi-threads-1.2.1.tgz 5466ms (cache miss)
314 http fetch GET 200 https://registry.npmjs.org/picomatch/-/picomatch-4.0.7.tgz 5505ms (cache miss)
315 http fetch GET 200 https://registry.npmjs.org/json5/-/json5-1.0.2.tgz 5522ms (cache miss)
316 http fetch GET 200 https://registry.npmjs.org/@babel/template/-/template-7.29.7.tgz 5666ms (cache miss)
317 http fetch GET 200 https://registry.npmjs.org/jiti/-/jiti-2.7.0.tgz 5709ms (cache miss)
318 http fetch GET 200 https://registry.npmjs.org/sharp/-/sharp-0.35.4.tgz 5730ms (cache miss)
319 http fetch GET 200 https://registry.npmjs.org/@eslint-community/eslint-utils/-/eslint-utils-4.9.1.tgz 5678ms (cache miss)
320 http fetch GET 200 https://registry.npmjs.org/@babel/helper-module-transforms/-/helper-module-transforms-7.29.7.tgz 5717ms (cache miss)
321 http fetch GET 200 https://registry.npmjs.org/@unrs/resolver-binding-win32-x64-msvc/-/resolver-binding-win32-x64-msvc-1.12.2.tgz 5763ms (cache miss)
322 http fetch GET 200 https://registry.npmjs.org/js-yaml/-/js-yaml-4.3.2.tgz 5796ms (cache miss)
323 http fetch GET 200 https://registry.npmjs.org/postcss/-/postcss-8.5.28.tgz 5811ms (cache miss)
324 http fetch GET 200 https://registry.npmjs.org/@emnapi/runtime/-/runtime-1.11.3.tgz 5778ms (cache miss)
325 http fetch GET 200 https://registry.npmjs.org/@eslint/config-array/-/config-array-0.21.2.tgz 5813ms (cache miss)
326 http fetch GET 200 https://registry.npmjs.org/uri-js/-/uri-js-4.4.1.tgz 5974ms (cache miss)
327 http fetch GET 200 https://registry.npmjs.org/@babel/parser/-/parser-7.29.9.tgz 6294ms (cache miss)
328 http fetch GET 200 https://registry.npmjs.org/@jridgewell/sourcemap-codec/-/sourcemap-codec-1.6.0.tgz 6306ms (cache miss)
329 http fetch GET 200 https://registry.npmjs.org/@jridgewell/gen-mapping/-/gen-mapping-0.3.13.tgz 6311ms (cache miss)
330 http fetch GET 200 https://registry.npmjs.org/@emnapi/core/-/core-1.10.0.tgz 6461ms (cache miss)
331 http fetch GET 200 https://registry.npmjs.org/@tailwindcss/oxide-win32-x64-msvc/-/oxide-win32-x64-msvc-4.3.3.tgz 6574ms (cache miss)
332 http fetch GET 200 https://registry.npmjs.org/eslint-plugin-react-hooks/-/eslint-plugin-react-hooks-7.1.1.tgz 6646ms (cache miss)
333 http fetch GET 200 https://registry.npmjs.org/@eslint/eslintrc/-/eslintrc-3.3.7.tgz 6656ms (cache miss)
334 http fetch GET 200 https://registry.npmjs.org/tsconfig-paths/-/tsconfig-paths-3.15.0.tgz 6819ms (cache miss)
335 http fetch GET 200 https://registry.npmjs.org/@typescript-eslint/type-utils/-/type-utils-8.70.1.tgz 6775ms (cache miss)
336 http fetch GET 200 https://registry.npmjs.org/@jridgewell/trace-mapping/-/trace-mapping-0.3.31.tgz 6881ms (cache miss)
337 http fetch GET 200 https://registry.npmjs.org/hermes-parser/-/hermes-parser-0.25.1.tgz 6991ms (cache miss)
338 http fetch GET 200 https://registry.npmjs.org/semver/-/semver-7.8.5.tgz 6983ms (cache miss)
339 http fetch GET 200 https://registry.npmjs.org/semver/-/semver-7.8.5.tgz 6988ms (cache miss)
340 http fetch GET 200 https://registry.npmjs.org/axe-core/-/axe-core-4.13.0.tgz 7017ms (cache miss)
341 http fetch GET 200 https://registry.npmjs.org/semver/-/semver-7.8.5.tgz 7018ms (cache miss)
342 http fetch GET 200 https://registry.npmjs.org/enhanced-resolve/-/enhanced-resolve-5.25.1.tgz 7051ms (cache miss)
343 http fetch GET 200 https://registry.npmjs.org/@tybys/wasm-util/-/wasm-util-0.10.4.tgz 7111ms (cache miss)
344 http fetch GET 200 https://registry.npmjs.org/postcss/-/postcss-8.5.23.tgz 7115ms (cache miss)
345 http fetch GET 200 https://registry.npmjs.org/fast-glob/-/fast-glob-3.3.1.tgz 7170ms (cache miss)
346 http fetch GET 200 https://registry.npmjs.org/@babel/generator/-/generator-7.29.8.tgz 7174ms (cache miss)
347 http fetch GET 200 https://registry.npmjs.org/@next/eslint-plugin-next/-/eslint-plugin-next-16.3.3.tgz 7477ms (cache miss)
348 http fetch GET 200 https://registry.npmjs.org/minimatch/-/minimatch-10.2.6.tgz 7703ms (cache miss)
349 http fetch GET 200 https://registry.npmjs.org/react-dom/-/react-dom-19.2.0.tgz 7795ms (cache miss)
350 http fetch GET 200 https://registry.npmjs.org/@types/node/-/node-22.20.4.tgz 7766ms (cache miss)
351 http fetch GET 200 https://registry.npmjs.org/lightningcss-win32-x64-msvc/-/lightningcss-win32-x64-msvc-1.32.0.tgz 7987ms (cache miss)
352 http fetch GET 200 https://registry.npmjs.org/@babel/traverse/-/traverse-7.29.8.tgz 8082ms (cache miss)
353 http fetch GET 200 https://registry.npmjs.org/@typescript-eslint/typescript-estree/-/typescript-estree-8.70.1.tgz 8239ms (cache miss)
354 http fetch GET 200 https://registry.npmjs.org/@typescript-eslint/utils/-/utils-8.70.1.tgz 8334ms (cache miss)
355 http fetch GET 200 https://registry.npmjs.org/resolve/-/resolve-2.0.0-next.7.tgz 8456ms (cache miss)
356 http fetch GET 200 https://registry.npmjs.org/jsx-ast-utils/-/jsx-ast-utils-3.3.5.tgz 8461ms (cache miss)
357 http fetch GET 200 https://registry.npmjs.org/@img/sharp-wasm32/-/sharp-wasm32-0.35.4.tgz 8444ms (cache miss)
358 http fetch GET 200 https://registry.npmjs.org/ajv/-/ajv-6.15.0.tgz 8558ms (cache miss)
359 http fetch GET 200 https://registry.npmjs.org/es-iterator-helpers/-/es-iterator-helpers-1.4.0.tgz 8885ms (cache miss)
360 http fetch GET 200 https://registry.npmjs.org/eslint-plugin-import/-/eslint-plugin-import-2.32.0.tgz 9129ms (cache miss)
361 http fetch GET 200 https://registry.npmjs.org/@babel/core/-/core-7.29.7.tgz 9217ms (cache miss)
362 http fetch GET 200 https://registry.npmjs.org/axobject-query/-/axobject-query-4.1.0.tgz 9355ms (cache miss)
363 http fetch GET 200 https://registry.npmjs.org/@img/sharp-win32-x64/-/sharp-win32-x64-0.35.4.tgz 9464ms (cache miss)
364 http fetch GET 200 https://registry.npmjs.org/@babel/types/-/types-7.29.8.tgz 9859ms (cache miss)
365 http fetch GET 200 https://registry.npmjs.org/aria-query/-/aria-query-5.3.2.tgz 9969ms (cache miss)
366 http fetch GET 200 https://registry.npmjs.org/eslint-plugin-jsx-a11y/-/eslint-plugin-jsx-a11y-6.10.2.tgz 10195ms (cache miss)
367 http fetch GET 200 https://registry.npmjs.org/@babel/helpers/-/helpers-7.29.7.tgz 10214ms (cache miss)
368 http fetch GET 200 https://registry.npmjs.org/typescript/-/typescript-5.9.3.tgz 10376ms (cache miss)
369 http fetch GET 200 https://registry.npmjs.org/@swc/helpers/-/helpers-0.5.23.tgz 10736ms (cache miss)
370 http fetch GET 200 https://registry.npmjs.org/@typescript-eslint/scope-manager/-/scope-manager-8.70.1.tgz 10780ms (cache miss)
371 http fetch GET 200 https://registry.npmjs.org/eslint-plugin-react/-/eslint-plugin-react-7.37.5.tgz 11311ms (cache miss)
372 http fetch GET 200 https://registry.npmjs.org/eslint/-/eslint-9.39.5.tgz 11699ms (cache miss)
373 warn deprecated eslint@9.39.5: This version is no longer supported. Please see https://eslint.org/version-support for other options.
374 http fetch GET 200 https://registry.npmjs.org/@typescript-eslint/eslint-plugin/-/eslint-plugin-8.70.1.tgz 11916ms (cache miss)
375 http fetch GET 200 https://registry.npmjs.org/@next/swc-win32-x64-msvc/-/swc-win32-x64-msvc-16.3.3.tgz 12675ms (cache miss)
376 http fetch GET 200 https://registry.npmjs.org/caniuse-lite/-/caniuse-lite-1.0.30001810.tgz 13207ms (cache miss)
377 http fetch GET 200 https://registry.npmjs.org/zod/-/zod-4.6.5.tgz 13859ms (cache miss)
378 http fetch GET 200 https://registry.npmjs.org/es-abstract/-/es-abstract-1.24.2.tgz 16261ms (cache miss)
379 http fetch GET 200 https://registry.npmjs.org/next/-/next-16.3.3.tgz 34069ms (cache miss)
380 info run unrs-resolver@1.12.2 postinstall node_modules/unrs-resolver node postinstall.js
381 info run unrs-resolver@1.12.2 postinstall { code: 0, signal: null }
382 silly ADD node_modules/zod-validation-error
383 silly ADD node_modules/zod
384 silly ADD node_modules/yocto-queue
385 silly ADD node_modules/yallist
386 silly ADD node_modules/word-wrap
387 silly ADD node_modules/which-typed-array
388 silly ADD node_modules/which-collection
389 silly ADD node_modules/which-builtin-type
390 silly ADD node_modules/which-boxed-primitive
391 silly ADD node_modules/which
392 silly ADD node_modules/uri-js
393 silly ADD node_modules/update-browserslist-db
394 silly ADD node_modules/unrs-resolver
395 silly ADD node_modules/undici-types
396 silly ADD node_modules/unbox-primitive
397 silly ADD node_modules/typescript-eslint
398 silly ADD node_modules/typescript
399 silly ADD node_modules/typed-array-length
400 silly ADD node_modules/typed-array-byte-offset
401 silly ADD node_modules/typed-array-byte-length
402 silly ADD node_modules/typed-array-buffer
403 silly ADD node_modules/type-check
404 silly ADD node_modules/tslib
405 silly ADD node_modules/tsconfig-paths
406 silly ADD node_modules/tsconfig-paths/node_modules/json5
407 silly ADD node_modules/ts-api-utils
408 silly ADD node_modules/to-regex-range
409 silly ADD node_modules/tinyglobby
410 silly ADD node_modules/tinyglobby/node_modules/picomatch
411 silly ADD node_modules/tinyglobby/node_modules/fdir
412 silly ADD node_modules/tapable
413 silly ADD node_modules/tailwindcss
414 silly ADD node_modules/supports-preserve-symlinks-flag
415 silly ADD node_modules/supports-color
416 silly ADD node_modules/styled-jsx
417 silly ADD node_modules/strip-json-comments
418 silly ADD node_modules/strip-bom
419 silly ADD node_modules/string.prototype.trimstart
420 silly ADD node_modules/string.prototype.trimend
421 silly ADD node_modules/string.prototype.trim
422 silly ADD node_modules/string.prototype.repeat
423 silly ADD node_modules/string.prototype.matchall
424 silly ADD node_modules/string.prototype.includes
425 silly ADD node_modules/stop-iteration-iterator
426 silly ADD node_modules/stable-hash
427 silly ADD node_modules/source-map-js
428 silly ADD node_modules/side-channel-weakmap
429 silly ADD node_modules/side-channel-map
430 silly ADD node_modules/side-channel-list
431 silly ADD node_modules/side-channel
432 silly ADD node_modules/shebang-regex
433 silly ADD node_modules/shebang-command
434 silly ADD node_modules/sharp
435 silly ADD node_modules/sharp/node_modules/semver
436 silly ADD node_modules/set-proto
437 silly ADD node_modules/set-function-name
438 silly ADD node_modules/set-function-length
439 silly ADD node_modules/semver
440 silly ADD node_modules/scheduler
441 silly ADD node_modules/safe-regex-test
442 silly ADD node_modules/safe-push-apply
443 silly ADD node_modules/safe-array-concat
444 silly ADD node_modules/run-parallel
445 silly ADD node_modules/reusify
446 silly ADD node_modules/resolve-pkg-maps
447 silly ADD node_modules/resolve-from
448 silly ADD node_modules/resolve
449 silly ADD node_modules/regexp.prototype.flags
450 silly ADD node_modules/reflect.getprototypeof
451 silly ADD node_modules/react-is
452 silly ADD node_modules/react-dom
453 silly ADD node_modules/react
454 silly ADD node_modules/queue-microtask
455 silly ADD node_modules/punycode
456 silly ADD node_modules/prop-types
457 silly ADD node_modules/prelude-ls
458 silly ADD node_modules/postcss
459 silly ADD node_modules/possible-typed-array-names
460 silly ADD node_modules/picomatch
461 silly ADD node_modules/picocolors
462 silly ADD node_modules/path-parse
463 silly ADD node_modules/path-key
464 silly ADD node_modules/path-exists
465 silly ADD node_modules/parent-module
466 silly ADD node_modules/p-locate
467 silly ADD node_modules/p-limit
468 silly ADD node_modules/own-keys
469 silly ADD node_modules/optionator
470 silly ADD node_modules/object.values
471 silly ADD node_modules/object.groupby
472 silly ADD node_modules/object.fromentries
473 silly ADD node_modules/object.entries
474 silly ADD node_modules/object.assign
475 silly ADD node_modules/object-keys
476 silly ADD node_modules/object-inspect
477 silly ADD node_modules/object-assign
478 silly ADD node_modules/node-releases
479 silly ADD node_modules/node-exports-info
480 silly ADD node_modules/next
481 silly ADD node_modules/next/node_modules/postcss
482 silly ADD node_modules/natural-compare
483 silly ADD node_modules/napi-postinstall
484 silly ADD node_modules/nanoid
485 silly ADD node_modules/ms
486 silly ADD node_modules/minimist
487 silly ADD node_modules/minimatch
488 silly ADD node_modules/micromatch
489 silly ADD node_modules/merge2
490 silly ADD node_modules/math-intrinsics
491 silly ADD node_modules/magic-string
492 silly ADD node_modules/lru-cache
493 silly ADD node_modules/loose-envify
494 silly ADD node_modules/lodash.merge
495 silly ADD node_modules/locate-path
496 silly ADD node_modules/lightningcss-win32-x64-msvc
497 silly ADD node_modules/lightningcss
498 silly ADD node_modules/levn
499 silly ADD node_modules/language-tags
500 silly ADD node_modules/language-subtag-registry
501 silly ADD node_modules/keyv
502 silly ADD node_modules/jsx-ast-utils
503 silly ADD node_modules/json5
504 silly ADD node_modules/json-stable-stringify-without-jsonify
505 silly ADD node_modules/json-schema-traverse
506 silly ADD node_modules/json-buffer
507 silly ADD node_modules/jsesc
508 silly ADD node_modules/js-yaml
509 silly ADD node_modules/js-tokens
510 silly ADD node_modules/jiti
511 silly ADD node_modules/iterator.prototype
512 silly ADD node_modules/isexe
513 silly ADD node_modules/isarray
514 silly ADD node_modules/is-weakset
515 silly ADD node_modules/is-weakref
516 silly ADD node_modules/is-weakmap
517 silly ADD node_modules/is-typed-array
518 silly ADD node_modules/is-symbol
519 silly ADD node_modules/is-string
520 silly ADD node_modules/is-shared-array-buffer
521 silly ADD node_modules/is-set
522 silly ADD node_modules/is-regex
523 silly ADD node_modules/is-number-object
524 silly ADD node_modules/is-number
525 silly ADD node_modules/is-negative-zero
526 silly ADD node_modules/is-map
527 silly ADD node_modules/is-glob
528 silly ADD node_modules/is-generator-function
529 silly ADD node_modules/is-finalizationregistry
530 silly ADD node_modules/is-extglob
531 silly ADD node_modules/is-document.all
532 silly ADD node_modules/is-date-object
533 silly ADD node_modules/is-data-view
534 silly ADD node_modules/is-core-module
535 silly ADD node_modules/is-callable
536 silly ADD node_modules/is-bun-module
537 silly ADD node_modules/is-bun-module/node_modules/semver
538 silly ADD node_modules/is-boolean-object
539 silly ADD node_modules/is-bigint
540 silly ADD node_modules/is-async-function
541 silly ADD node_modules/is-array-buffer
542 silly ADD node_modules/internal-slot
543 silly ADD node_modules/imurmurhash
544 silly ADD node_modules/import-fresh
545 silly ADD node_modules/ignore
546 silly ADD node_modules/hermes-parser
547 silly ADD node_modules/hermes-estree
548 silly ADD node_modules/hasown
549 silly ADD node_modules/has-tostringtag
550 silly ADD node_modules/has-symbols
551 silly ADD node_modules/has-proto
552 silly ADD node_modules/has-property-descriptors
553 silly ADD node_modules/has-flag
554 silly ADD node_modules/has-bigints
555 silly ADD node_modules/graceful-fs
556 silly ADD node_modules/gopd
557 silly ADD node_modules/globalthis
558 silly ADD node_modules/globals
559 silly ADD node_modules/glob-parent
560 silly ADD node_modules/get-tsconfig
561 silly ADD node_modules/get-symbol-description
562 silly ADD node_modules/get-proto
563 silly ADD node_modules/get-intrinsic
564 silly ADD node_modules/gensync
565 silly ADD node_modules/generator-function
566 silly ADD node_modules/functions-have-names
567 silly ADD node_modules/function.prototype.name
568 silly ADD node_modules/function-bind
569 silly ADD node_modules/for-each
570 silly ADD node_modules/flatted
571 silly ADD node_modules/flat-cache
572 silly ADD node_modules/find-up
573 silly ADD node_modules/fill-range
574 silly ADD node_modules/file-entry-cache
575 silly ADD node_modules/fastq
576 silly ADD node_modules/fast-levenshtein
577 silly ADD node_modules/fast-json-stable-stringify
578 silly ADD node_modules/fast-glob
579 silly ADD node_modules/fast-glob/node_modules/glob-parent
580 silly ADD node_modules/fast-deep-equal
581 silly ADD node_modules/esutils
582 silly ADD node_modules/estraverse
583 silly ADD node_modules/esrecurse
584 silly ADD node_modules/esquery
585 silly ADD node_modules/espree
586 silly ADD node_modules/eslint-visitor-keys
587 silly ADD node_modules/eslint-scope
588 silly ADD node_modules/eslint-plugin-react-hooks
589 silly ADD node_modules/eslint-plugin-react
590 silly ADD node_modules/eslint-plugin-jsx-a11y
591 silly ADD node_modules/eslint-plugin-import
592 silly ADD node_modules/eslint-plugin-import/node_modules/debug
593 silly ADD node_modules/eslint-module-utils
594 silly ADD node_modules/eslint-module-utils/node_modules/debug
595 silly ADD node_modules/eslint-import-resolver-typescript
596 silly ADD node_modules/eslint-import-resolver-node
597 silly ADD node_modules/eslint-import-resolver-node/node_modules/debug
598 silly ADD node_modules/eslint-config-next
599 silly ADD node_modules/eslint-config-next/node_modules/globals
600 silly ADD node_modules/eslint
601 silly ADD node_modules/escape-string-regexp
602 silly ADD node_modules/escalade
603 silly ADD node_modules/es-to-primitive
604 silly ADD node_modules/es-shim-unscopables
605 silly ADD node_modules/es-set-tostringtag
606 silly ADD node_modules/es-object-atoms
607 silly ADD node_modules/es-iterator-helpers
608 silly ADD node_modules/es-errors
609 silly ADD node_modules/es-define-property
610 silly ADD node_modules/es-abstract-get
611 silly ADD node_modules/es-abstract
612 silly ADD node_modules/enhanced-resolve
613 silly ADD node_modules/emoji-regex
614 silly ADD node_modules/electron-to-chromium
615 silly ADD node_modules/dunder-proto
616 silly ADD node_modules/doctrine
617 silly ADD node_modules/detect-libc
618 silly ADD node_modules/define-properties
619 silly ADD node_modules/define-data-property
620 silly ADD node_modules/deep-is
621 silly ADD node_modules/debug
622 silly ADD node_modules/data-view-byte-offset
623 silly ADD node_modules/data-view-byte-length
624 silly ADD node_modules/data-view-buffer
625 silly ADD node_modules/damerau-levenshtein
626 silly ADD node_modules/csstype
627 silly ADD node_modules/cross-spawn
628 silly ADD node_modules/convert-source-map
629 silly ADD node_modules/concat-map
630 silly ADD node_modules/color-name
631 silly ADD node_modules/color-convert
632 silly ADD node_modules/client-only
633 silly ADD node_modules/chalk
634 silly ADD node_modules/caniuse-lite
635 silly ADD node_modules/callsites
636 silly ADD node_modules/call-bound
637 silly ADD node_modules/call-bind-apply-helpers
638 silly ADD node_modules/call-bind
639 silly ADD node_modules/browserslist
640 silly ADD node_modules/braces
641 silly ADD node_modules/brace-expansion
642 silly ADD node_modules/baseline-browser-mapping
643 silly ADD node_modules/balanced-match
644 silly ADD node_modules/axobject-query
645 silly ADD node_modules/axe-core
646 silly ADD node_modules/available-typed-arrays
647 silly ADD node_modules/async-function
648 silly ADD node_modules/ast-types-flow
649 silly ADD node_modules/arraybuffer.prototype.slice
650 silly ADD node_modules/array.prototype.tosorted
651 silly ADD node_modules/array.prototype.flatmap
652 silly ADD node_modules/array.prototype.flat
653 silly ADD node_modules/array.prototype.findlastindex
654 silly ADD node_modules/array.prototype.findlast
655 silly ADD node_modules/array-includes
656 silly ADD node_modules/array-buffer-byte-length
657 silly ADD node_modules/aria-query
658 silly ADD node_modules/argparse
659 silly ADD node_modules/ansi-styles
660 silly ADD node_modules/ajv
661 silly ADD node_modules/acorn-jsx
662 silly ADD node_modules/acorn
663 silly ADD node_modules/@unrs/resolver-binding-win32-x64-msvc
664 silly ADD node_modules/@typescript-eslint/visitor-keys
665 silly ADD node_modules/@typescript-eslint/visitor-keys/node_modules/eslint-visitor-keys
666 silly ADD node_modules/@typescript-eslint/utils
667 silly ADD node_modules/@typescript-eslint/typescript-estree
668 silly ADD node_modules/@typescript-eslint/typescript-estree/node_modules/semver
669 silly ADD node_modules/@typescript-eslint/typescript-estree/node_modules/minimatch
670 silly ADD node_modules/@typescript-eslint/typescript-estree/node_modules/brace-expansion
671 silly ADD node_modules/@typescript-eslint/typescript-estree/node_modules/balanced-match
672 silly ADD node_modules/@typescript-eslint/types
673 silly ADD node_modules/@typescript-eslint/type-utils
674 silly ADD node_modules/@typescript-eslint/tsconfig-utils
675 silly ADD node_modules/@typescript-eslint/scope-manager
676 silly ADD node_modules/@typescript-eslint/project-service
677 silly ADD node_modules/@typescript-eslint/parser
678 silly ADD node_modules/@typescript-eslint/eslint-plugin
679 silly ADD node_modules/@typescript-eslint/eslint-plugin/node_modules/ignore
680 silly ADD node_modules/@types/react-dom
681 silly ADD node_modules/@types/react
682 silly ADD node_modules/@types/node
683 silly ADD node_modules/@types/json5
684 silly ADD node_modules/@types/json-schema
685 silly ADD node_modules/@types/estree
686 silly ADD node_modules/@tybys/wasm-util
687 silly ADD node_modules/@tailwindcss/postcss
688 silly ADD node_modules/@tailwindcss/oxide-win32-x64-msvc
689 silly ADD node_modules/@tailwindcss/oxide
690 silly ADD node_modules/@tailwindcss/node
691 silly ADD node_modules/@swc/helpers
692 silly ADD node_modules/@rtsao/scc
693 silly ADD node_modules/@nolyfill/is-core-module
694 silly ADD node_modules/@nodelib/fs.walk
695 silly ADD node_modules/@nodelib/fs.stat
696 silly ADD node_modules/@nodelib/fs.scandir
697 silly ADD node_modules/@next/swc-win32-x64-msvc
698 silly ADD node_modules/@next/eslint-plugin-next
699 silly ADD node_modules/@next/eslint-plugin-next/node_modules/eslint-visitor-keys
700 silly ADD node_modules/@next/eslint-plugin-next/node_modules/@eslint-community/eslint-utils
701 silly ADD node_modules/@next/env
702 silly ADD node_modules/@napi-rs/wasm-runtime
703 silly ADD node_modules/@jridgewell/trace-mapping
704 silly ADD node_modules/@jridgewell/sourcemap-codec
705 silly ADD node_modules/@jridgewell/resolve-uri
706 silly ADD node_modules/@jridgewell/remapping
707 silly ADD node_modules/@jridgewell/gen-mapping
708 silly ADD node_modules/@img/sharp-win32-x64
709 silly ADD node_modules/@img/sharp-wasm32
710 silly ADD node_modules/@img/colour
711 silly ADD node_modules/@humanwhocodes/retry
712 silly ADD node_modules/@humanwhocodes/module-importer
713 silly ADD node_modules/@humanfs/types
714 silly ADD node_modules/@humanfs/node
715 silly ADD node_modules/@humanfs/core
716 silly ADD node_modules/@eslint/plugin-kit
717 silly ADD node_modules/@eslint/object-schema
718 silly ADD node_modules/@eslint/js
719 silly ADD node_modules/@eslint/eslintrc
720 silly ADD node_modules/@eslint/core
721 silly ADD node_modules/@eslint/config-helpers
722 silly ADD node_modules/@eslint/config-array
723 silly ADD node_modules/@eslint-community/regexpp
724 silly ADD node_modules/@eslint-community/eslint-utils
725 silly ADD node_modules/@eslint-community/eslint-utils/node_modules/eslint-visitor-keys
726 silly ADD node_modules/@emnapi/wasi-threads
727 silly ADD node_modules/@emnapi/runtime
728 silly ADD node_modules/@emnapi/core
729 silly ADD node_modules/@babel/types
730 silly ADD node_modules/@babel/traverse
731 silly ADD node_modules/@babel/template
732 silly ADD node_modules/@babel/parser
733 silly ADD node_modules/@babel/helpers
734 silly ADD node_modules/@babel/helper-validator-option
735 silly ADD node_modules/@babel/helper-validator-identifier
736 silly ADD node_modules/@babel/helper-string-parser
737 silly ADD node_modules/@babel/helper-module-transforms
738 silly ADD node_modules/@babel/helper-module-imports
739 silly ADD node_modules/@babel/helper-globals
740 silly ADD node_modules/@babel/helper-compilation-targets
741 silly ADD node_modules/@babel/generator
742 silly ADD node_modules/@babel/core
743 silly ADD node_modules/@babel/compat-data
744 silly ADD node_modules/@babel/code-frame
745 silly ADD node_modules/@alloc/quick-lru
746 verbose cwd C:\Users\Admin\Desktop\ECHO-PROTOCOL\EchoProtocol.Web
747 verbose os Windows_NT 10.0.26200
748 verbose node v24.13.1
749 verbose npm  v11.8.0
750 verbose exit 0
751 info ok
